files/146.csv
id,week,center_id,meal_id,checkout_price,base_price,emailer_for_promotion,homepage_featured,num_orders
1168924,1,146,1248,156.23,246.38,0,0,243
1322283,2,146,1248,101.85,247.38,1,0,512
1133583,3,146,1248,96.03,248.38,0,0,365
1401401,4,146,1248,109.67,246.38,0,0,202
1416975,5,146,1248,97.06,247.38,0,0,296
1241977,6,146,1248,262.93,261.93,0,0,107
1209991,7,146,1248,257.08,257.08,0,0,40
1057571,8,146,1248,258.99,258.99,0,0,150
1287965,9,146,1248,252.26,251.26,0,0,69
1128199,10,146,1248,258.02,259.02,0,0,107
1212533,11,146,1248,259.05,259.05,0,0,82
1492509,12,146,1248,258.08,257.08,0,0,68
1218746,13,146,1248,260.93,261.93,0,0,40
1197245,14,146,1248,134.83,260.93,0,0,161
1159357,15,146,1248,97.06,260.93,1,1,554
1182118,16,146,1248,94.09,260.93,0,1,459
1059373,17,146,1248,94.09,260.93,0,0,296
1353473,18,146,1248,94.12,261.93,0,0,134
1055202,19,146,1248,228.98,262.93,0,0,108
1491206,20,146,1248,236.68,238.68,0,0,82
1012317,21,146,1248,254.2,254.2,0,0,81
1411906,22,146,1248,261.93,260.93,0,0,13
1229410,23,146,1248,172.72,262.93,0,0,148
1460833,24,146,1248,96.06,262.93,1,1,351
1260677,25,146,1248,91.18,262.93,0,1,445
1474597,26,146,1248,96.03,260.93,0,1,566
1009542,27,146,1248,112.55,262.93,0,0,269
1383661,28,146,1248,155.26,260.93,0,0,53
1453071,29,146,1248,155.26,260.93,0,0,108
1020712,30,146,1248,149.38,262.93,0,0,149
1494007,31,146,1248,153.32,260.93,0,0,121
1425236,32,146,1248,152.35,260.93,1,0,161
1393580,33,146,1248,154.29,260.93,1,0,149
1040561,34,146,1248,149.41,262.93,1,0,123
1397212,35,146,1248,153.26,154.26,0,0,67
1491307,36,146,1248,153.29,154.29,0,0,148
1245838,37,146,1248,149.38,151.38,0,0,148
1491733,38,146,1248,155.26,154.26,0,0,26
1380751,39,146,1248,149.41,150.41,0,0,216
1484415,40,146,1248,106.73,150.41,0,1,971
1166934,41,146,1248,95.09,150.41,1,1,393
1193267,42,146,1248,97.06,149.41,1,0,904
1280349,43,146,1248,153.32,148.41,0,1,190
1381159,44,146,1248,152.35,150.35,0,0,311
1472004,45,146,1248,151.32,153.32,0,0,108
1035280,46,146,1248,153.26,153.26,0,0,81
1289611,47,146,1248,143.56,145.56,0,0,229
1097895,48,146,1248,96.09,143.56,0,0,297
1425938,49,146,1248,102.85,143.56,0,0,311
1178199,50,146,1248,96.03,144.56,0,0,283
1169205,51,146,1248,96.06,145.56,0,0,80
1078189,52,146,1248,146.47,146.47,0,0,177
1018090,53,146,1248,151.35,147.47,0,1,216
1376154,54,146,1248,149.41,148.47,0,1,216
1238669,55,146,1248,153.26,155.26,0,0,135
1266778,56,146,1248,154.29,154.29,0,0,150
1484810,57,146,1248,151.35,150.35,0,0,136
1427479,58,146,1248,150.41,150.41,0,0,80
1489599,59,146,1248,149.41,150.41,0,0,121
1086376,60,146,1248,154.26,154.26,0,0,149
1081710,61,146,1248,151.38,149.38,0,0,148
1472390,62,146,1248,149.41,150.41,0,0,94
1403787,63,146,1248,150.41,148.41,0,0,123
1313085,64,146,1248,149.38,149.38,0,0,123
1051736,65,146,1248,150.35,152.35,0,0,136
1425431,66,146,1248,149.41,150.41,0,0,82
1268769,67,146,1248,140.65,141.65,0,0,80
1047441,68,146,1248,91.18,141.65,1,0,528
1471575,69,146,1248,94.09,141.65,1,1,364
1497841,70,146,1248,97.06,140.65,0,1,161
1444179,71,146,1248,94.09,141.65,0,1,134
1370594,72,146,1248,148.41,148.41,0,0,95
1108639,73,146,1248,153.26,149.41,0,1,40
1367859,74,146,1248,153.26,149.41,0,1,81
1378858,75,146,1248,152.35,148.41,0,1,148
1390501,76,146,1248,144.53,149.41,0,1,109
1221613,77,146,1248,101.91,149.41,0,1,134
1355496,78,146,1248,98,149.41,0,0,256
1482773,79,146,1248,93.18,149.41,0,1,149
1416307,80,146,1248,95.06,148.41,0,1,202
1450611,81,146,1248,94.12,150.41,0,1,242
1417544,82,146,1248,96.03,148.41,0,1,190
1308723,83,146,1248,96.09,149.41,0,1,134
1146430,84,146,1248,96.03,149.41,0,1,108
1132449,85,146,1248,98.03,150.41,1,1,176
1021083,86,146,1248,98.94,150.41,0,1,162
1452405,87,146,1248,99,150.41,0,1,271
1024180,88,146,1248,96.06,148.41,0,1,203
1301896,89,146,1248,95.12,148.41,0,0,96
1337635,90,146,1248,151.38,150.38,0,0,54
1103688,91,146,1248,152.35,150.35,0,0,68
1452140,92,146,1248,149.44,147.44,0,0,69
1137192,93,146,1248,150.35,150.35,0,0,80
1140360,94,146,1248,155.26,153.26,0,0,13
1389588,95,146,1248,150.38,151.38,0,0,108
1164637,96,146,1248,155.26,155.26,0,0,40
1485927,97,146,1248,153.26,154.26,0,0,15
1126457,98,146,1248,155.26,155.26,0,0,27
1242473,99,146,1248,131.98,154.26,0,0,95
1377651,100,146,1248,103.85,155.26,0,0,270
1033002,101,146,1248,95.06,155.26,0,0,80
1491404,102,146,1248,95.06,155.26,0,0,67
1398549,103,146,1248,92.15,153.26,0,0,27
1140885,104,146,1248,96.09,155.26,0,0,53
1395683,105,146,1248,108.7,108.7,0,0,67
1236766,106,146,1248,149.41,150.41,0,0,42
1359645,107,146,1248,153.26,153.26,0,0,55
1237128,108,146,1248,147.47,148.47,0,0,94
1477874,109,146,1248,154.26,154.26,0,0,42
1474911,110,146,1248,153.26,154.26,0,0,28
1424619,111,146,1248,150.38,149.38,0,0,53
1367215,112,146,1248,155.26,155.26,0,0,28
1244992,113,146,1248,153.26,154.26,0,0,68
1025186,114,146,1248,153.26,153.26,0,0,26
1354733,115,146,1248,147.5,145.5,0,0,107
1064350,116,146,1248,152.35,152.35,0,0,67
1480632,117,146,1248,153.26,155.26,0,0,41
1321606,118,146,1248,147.44,149.44,0,0,135
1365970,119,146,1248,155.26,154.26,0,0,81
1012565,120,146,1248,146.53,146.53,0,0,95
1041582,121,146,1248,91.18,145.53,1,0,176
1311711,122,146,1248,94.15,144.53,0,0,96
1167413,123,146,1248,95.06,144.53,0,0,67
1240163,124,146,1248,98,146.53,0,0,123
1486371,125,146,1248,151.32,152.32,0,0,94
1442028,126,146,1248,155.26,154.26,0,0,41
1135331,127,146,1248,150.41,150.41,0,0,82
1145643,128,146,1248,154.26,155.26,0,0,53
1326512,129,146,1248,144.59,144.59,0,0,42
1453378,130,146,1248,151.38,151.38,0,0,54
1264120,131,146,1248,149.44,147.44,0,0,107
1000086,132,146,1248,154.26,155.26,0,0,67
1178198,133,146,1248,154.26,153.26,0,0,69
1491176,134,146,1248,93.18,153.26,1,0,188
1397734,135,146,1248,95.06,155.26,0,0,230
1443891,136,146,1248,95.12,155.26,0,0,96
1237888,137,146,1248,96.09,153.26,0,0,204
1389182,139,146,1248,97,155.26,0,0,134
1387341,140,146,1248,94.12,154.26,0,0,162
1468530,141,146,1248,150.41,150.41,0,0,82
1356758,142,146,1248,152.32,153.32,0,0,94
1386939,143,146,1248,149.44,149.44,0,0,69
1013746,144,146,1248,150.41,148.41,0,0,80
1454733,145,146,1248,149.38,150.38,0,0,108
1383075,1,146,1778,180.42,181.42,0,0,163
1133565,2,146,1778,182.39,182.39,0,0,150
1309870,3,146,1778,180.42,182.42,0,0,285
1434225,4,146,1778,184.36,184.36,0,0,244
1394223,5,146,1778,178.54,176.54,0,0,230
1100744,6,146,1778,158.17,176.54,0,0,310
1094772,7,146,1778,163.02,161.02,0,0,257
1382449,8,146,1778,158.14,158.14,0,0,149
1079229,9,146,1778,159.11,158.11,0,0,312
1089324,10,146,1778,155.23,156.23,0,0,231
1204326,11,146,1778,158.17,156.17,0,0,297
1307240,12,146,1778,179.48,178.48,0,0,230
1409851,13,146,1778,175.63,173.63,0,0,202
1463720,14,146,1778,181.39,181.39,0,0,337
1416958,15,146,1778,181.39,182.39,0,0,257
1368748,16,146,1778,181.39,181.39,0,0,229
1495579,17,146,1778,162.96,164.96,0,0,271
1289668,18,146,1778,157.17,163.96,1,0,568
1061108,19,146,1778,160.11,164.96,0,1,608
1380872,20,146,1778,162.05,161.05,0,0,379
1046169,21,146,1778,158.11,160.11,0,0,296
1341675,22,146,1778,157.2,156.2,0,0,339
1089485,23,146,1778,160.08,161.08,0,0,459
1052275,24,146,1778,174.63,175.63,0,0,337
1368410,25,146,1778,179.48,179.48,0,0,297
1138617,26,146,1778,178.48,178.48,0,0,352
1239077,27,146,1778,184.36,182.36,0,0,176
1169624,28,146,1778,182.39,181.39,0,0,231
1217392,29,146,1778,175.63,175.63,0,0,216
1437195,30,146,1778,153.26,175.63,0,0,339
1379990,31,146,1778,159.11,158.11,0,0,216
1004933,32,146,1778,159.11,159.11,0,0,244
1205252,33,146,1778,160.05,160.05,0,0,404
1289717,34,146,1778,159.11,159.11,0,0,487
1460419,35,146,1778,162.05,161.05,0,0,325
1135849,36,146,1778,158.14,159.14,0,0,270
1444611,37,146,1778,177.51,178.51,0,0,216
1230481,38,146,1778,185.33,183.33,0,0,80
1133783,39,146,1778,180.48,180.48,0,0,258
1413316,40,146,1778,180.42,182.42,0,0,188
1257736,41,146,1778,185.33,184.33,0,0,162
1039780,42,146,1778,182.36,183.36,0,0,176
1209025,43,146,1778,176.57,177.57,0,0,95
1298816,44,146,1778,184.36,184.36,0,0,190
1159364,45,146,1778,176.54,176.54,0,0,189
1034888,46,146,1778,178.51,177.51,0,0,203
1348916,47,146,1778,179.45,181.45,0,0,134
1146130,48,146,1778,182.42,181.42,0,0,177
1329611,49,146,1778,180.42,181.42,0,0,81
1146438,50,146,1778,182.39,182.39,0,0,108
1309401,51,146,1778,181.45,181.45,0,0,135
1461373,52,146,1778,178.48,178.48,0,0,95
1285651,53,146,1778,182.42,180.42,0,0,189
1088242,54,146,1778,180.48,179.48,0,0,161
1046008,55,146,1778,180.42,180.42,0,0,163
1352893,56,146,1778,172.66,173.66,0,0,150
1381618,57,146,1778,161.08,161.08,0,0,150
1030170,58,146,1778,160.11,159.11,0,0,163
1198680,59,146,1778,161.05,162.05,0,0,217
1397884,60,146,1778,162.99,163.99,0,0,189
1444782,61,146,1778,161.05,160.05,0,0,123
1072423,62,146,1778,164.96,162.96,0,0,42
1158317,63,146,1778,172.66,174.66,0,0,161
1264538,64,146,1778,179.51,177.51,0,0,80
1444512,65,146,1778,182.42,181.42,0,0,176
1339616,66,146,1778,170.75,169.75,0,0,123
1395422,67,146,1778,180.42,181.42,0,0,189
1105208,68,146,1778,179.45,180.45,0,0,135
1213419,69,146,1778,179.48,180.48,0,0,162
1136770,70,146,1778,163.96,162.96,0,0,136
1200874,71,146,1778,182.42,182.42,0,0,190
1200161,72,146,1778,181.45,179.45,0,0,188
1334240,73,146,1778,177.57,177.57,0,0,123
1376016,74,146,1778,179.45,180.45,0,0,121
1005613,75,146,1778,178.48,178.48,0,0,202
1296188,76,146,1778,175.6,175.6,0,0,107
1177130,77,146,1778,184.33,184.33,0,0,95
1323073,78,146,1778,169.75,170.75,0,0,121
1239707,79,146,1778,183.33,184.33,0,0,55
1233824,80,146,1778,180.45,181.45,0,0,202
1380571,81,146,1778,179.48,179.48,0,0,95
1412737,82,146,1778,181.45,181.45,0,0,134
1224999,83,146,1778,173.66,174.66,0,0,80
1064774,84,146,1778,178.51,177.51,0,0,80
1337796,85,146,1778,181.42,180.42,0,0,161
1307654,86,146,1778,176.6,176.6,0,0,55
1048406,87,146,1778,184.33,184.33,0,0,40
1279445,88,146,1778,153.32,183.33,0,0,150
1391128,89,146,1778,159.14,183.33,0,0,244
1008064,90,146,1778,160.11,185.33,0,0,188
1312135,91,146,1778,160.05,185.33,0,0,134
1407614,92,146,1778,160.08,184.33,0,0,176
1432865,93,146,1778,162.05,183.33,0,0,297
1227628,94,146,1778,158.11,184.33,1,0,229
1388762,95,146,1778,150.38,151.38,0,0,41
1182193,96,146,1778,161.02,161.02,0,0,190
1147064,97,146,1778,156.2,157.2,0,0,95
1021317,98,146,1778,159.11,158.11,0,0,244
1026687,99,146,1778,158.11,158.11,0,0,55
1336856,100,146,1778,160.05,160.05,0,0,94
1059645,101,146,1778,154.29,154.29,0,0,161
1392372,102,146,1778,156.2,153.29,1,0,96
1051531,103,146,1778,153.29,152.29,1,0,69
1149282,104,146,1778,162.05,162.05,0,0,188
1311574,105,146,1778,159.08,159.08,0,0,202
1469321,106,146,1778,158.11,158.11,0,0,162
1449994,107,146,1778,160.08,160.08,0,0,215
1392723,108,146,1778,155.2,155.2,0,0,204
1000578,109,146,1778,164.9,164.9,0,0,215
1408229,110,146,1778,176.54,178.54,0,0,107
1229212,111,146,1778,179.48,178.48,0,0,95
1216939,112,146,1778,176.57,177.57,0,0,135
1056165,113,146,1778,153.26,176.57,0,0,190
1201787,114,146,1778,147.44,175.57,1,0,135
1441149,115,146,1778,157.17,177.57,0,0,80
1228024,116,146,1778,161.02,175.57,1,0,161
1391901,117,146,1778,172.66,173.66,0,0,96
1420618,118,146,1778,181.42,181.42,0,0,150
1320567,119,146,1778,181.39,182.39,0,0,136
1167401,120,146,1778,180.42,180.42,0,0,162
1068461,121,146,1778,181.42,181.42,0,0,149
1421736,122,146,1778,179.51,179.51,0,0,188
1253383,123,146,1778,179.48,178.48,0,0,95
1003946,124,146,1778,176.54,178.54,0,0,190
1125022,125,146,1778,180.48,178.48,0,0,150
1020229,126,146,1778,174.6,176.6,0,0,107
1358178,127,146,1778,176.54,177.54,0,0,188
1227849,128,146,1778,181.45,180.45,0,0,231
1065940,129,146,1778,177.57,176.57,0,0,95
1477866,130,146,1778,176.6,176.6,0,0,149
1035384,131,146,1778,183.33,183.33,0,0,148
1215549,132,146,1778,156.2,185.33,1,0,310
1120084,133,146,1778,156.17,185.33,0,0,161
1195741,134,146,1778,157.17,183.33,0,0,149
1275150,135,146,1778,161.08,184.33,0,0,190
1404100,136,146,1778,152.29,183.33,0,0,202
1222413,137,146,1778,161.08,185.33,0,0,285
1441726,138,146,1778,172.66,174.66,0,0,190
1337535,139,146,1778,177.54,177.54,0,0,231
1050981,140,146,1778,174.6,176.6,0,0,217
1261314,141,146,1778,174.63,173.63,0,0,243
1035681,142,146,1778,153.29,173.63,0,0,177
1004271,143,146,1778,160.08,160.08,0,0,231
1047264,144,146,1778,160.08,161.08,0,0,271
1447604,145,146,1778,157.17,161.08,1,0,149
