files/146.csv
id,week,center_id,meal_id,checkout_price,base_price,emailer_for_promotion,homepage_featured,num_orders
1164173,1,146,1971,259.96,289.06,1,0,742
1162162,2,146,1971,260.96,289.06,1,0,310
1246123,3,146,1971,289.06,289.06,0,0,215
1487526,4,146,1971,289.06,289.06,0,0,258
1445250,5,146,1971,290.06,291.06,0,0,216
1283069,6,146,1971,289.06,291.06,0,0,311
1467987,7,146,1971,290.06,291.06,0,0,270
1284154,8,146,1971,289.06,289.06,0,0,202
1459370,9,146,1971,291.06,290.06,0,0,244
1313444,10,146,1971,243.5,291.06,1,1,1095
1380819,11,146,1971,243.53,289.06,1,1,717
1073173,12,146,1971,244.47,289.06,0,0,420
1428168,13,146,1971,288.15,291.06,0,1,378
1499473,14,146,1971,289.06,291.06,0,0,216
1324556,15,146,1971,291.06,290.06,0,0,296
1424518,16,146,1971,290.06,289.06,0,0,203
1218327,17,146,1971,291.06,291.06,0,0,122
1173604,18,146,1971,290.06,291.06,0,0,312
1372886,19,146,1971,291.06,291.06,0,0,445
1053345,20,146,1971,290.06,289.06,0,0,296
1065213,21,146,1971,290.06,290.06,0,0,271
1449559,22,146,1971,244.47,291.06,1,1,998
1370949,23,146,1971,246.44,291.06,1,1,958
1067111,24,146,1971,289.12,288.12,0,0,364
1238254,25,146,1971,290.06,290.06,0,0,393
1444630,26,146,1971,289.06,291.06,0,0,339
1431544,27,146,1971,291.06,289.06,0,0,229
1319920,28,146,1971,289.06,291.06,0,0,42
1201959,29,146,1971,289.06,291.06,0,0,203
1210594,30,146,1971,291.06,290.06,0,0,297
1287838,31,146,1971,291.06,291.06,0,0,229
1019530,32,146,1971,191.09,289.06,1,1,8911
1296988,33,146,1971,250.26,289.06,0,0,474
1336237,34,146,1971,291.06,289.06,0,0,433
1402369,35,146,1971,289.06,291.06,0,0,379
1423960,36,146,1971,289.06,289.06,0,0,366
1400838,37,146,1971,289.06,290.06,0,0,379
1373627,38,146,1971,291.06,291.06,0,0,378
1395638,39,146,1971,290.06,291.06,0,0,392
1459905,40,146,1971,287.15,288.15,0,0,608
1364392,41,146,1971,290.06,291.06,0,0,324
1286815,42,146,1971,289.06,289.06,0,0,269
1086470,43,146,1971,290.06,290.06,0,0,621
1091346,44,146,1971,291.06,290.06,0,0,377
1282186,45,146,1971,289.06,289.06,0,0,406
1309364,46,146,1971,244.5,290.06,1,0,513
1119732,47,146,1971,244.5,289.06,1,0,392
1234563,48,146,1971,182.36,289.06,1,1,1849
1180616,49,146,1971,249.29,289.06,0,0,378
1432341,50,146,1971,245.47,291.06,0,0,473
1271514,51,146,1971,220.22,289.06,1,0,405
1034058,52,146,1971,289.06,291.06,0,0,554
1110637,53,146,1971,290.06,291.06,0,0,513
1353351,54,146,1971,290.06,290.06,0,0,512
1209465,55,146,1971,290.06,290.06,0,0,310
1447617,56,146,1971,289.06,290.06,0,0,458
1115158,57,146,1971,289.06,290.06,0,0,540
1148581,58,146,1971,289.06,289.06,0,0,472
1153030,59,146,1971,290.06,290.06,0,0,474
1037518,60,146,1971,244.47,289.06,0,1,1350
1183260,61,146,1971,291.06,290.06,0,0,595
1128807,62,146,1971,289.06,289.06,0,0,243
1177582,63,146,1971,290.06,290.06,0,0,500
1352074,64,146,1971,290.06,291.06,0,0,283
1040966,65,146,1971,289.06,291.06,0,0,377
1291646,66,146,1971,289.06,289.06,0,0,433
1397506,67,146,1971,291.06,291.06,0,0,447
1267901,68,146,1971,192.06,291.06,1,1,1027
1256566,69,146,1971,193.03,290.06,0,1,1107
1045192,70,146,1971,193.09,289.06,1,1,999
1213802,71,146,1971,193.06,290.06,1,1,1349
1175630,72,146,1971,283.3,282.3,0,0,339
1350545,73,146,1971,289.06,291.06,0,0,391
1185669,74,146,1971,289.06,291.06,1,0,582
1026404,75,146,1971,244.47,291.06,0,0,581
1125236,76,146,1971,243.5,290.06,0,0,446
1235228,77,146,1971,289.06,290.06,0,0,256
1111534,78,146,1971,291.06,291.06,0,0,81
1019888,79,146,1971,291.06,291.06,0,0,243
1300186,80,146,1971,291.06,289.06,0,0,323
1142522,81,146,1971,291.06,290.06,0,0,379
1227010,82,146,1971,290.06,291.06,0,0,284
1494259,83,146,1971,291.06,289.06,0,0,257
1267016,84,146,1971,290.06,289.06,0,0,352
1318761,85,146,1971,290.06,290.06,0,0,445
1373269,86,146,1971,289.06,289.06,0,0,231
1169505,87,146,1971,290.06,289.06,0,0,121
1170795,88,146,1971,291.06,290.06,0,0,217
1204696,89,146,1971,290.06,291.06,0,0,258
1365347,90,146,1971,289.06,291.06,0,0,325
1350505,91,146,1971,289.06,289.06,0,0,285
1316858,92,146,1971,194.03,291.06,1,1,919
1060488,93,146,1971,195.03,291.06,1,1,946
1491456,94,146,1971,290.06,289.06,0,0,485
1349453,95,146,1971,297.82,296.82,0,0,163
1421268,96,146,1971,291.06,290.06,0,0,338
1022663,97,146,1971,289.06,289.06,0,0,460
1457107,98,146,1971,289.06,291.06,0,0,366
1319307,99,146,1971,291.06,289.06,0,0,310
1163681,100,146,1971,289.06,289.06,0,0,500
1403029,101,146,1971,291.06,289.06,0,0,297
1142154,102,146,1971,290.06,290.06,0,0,337
1202137,103,146,1971,289.06,291.06,0,0,243
1124746,104,146,1971,289.06,289.06,0,0,526
1434064,105,146,1971,290.06,289.06,0,0,459
1010372,106,146,1971,290.06,289.06,0,0,419
1316446,107,146,1971,289.06,290.06,0,0,433
1098407,108,146,1971,241.53,291.06,1,1,1041
1344208,109,146,1971,242.5,291.06,1,0,877
1354785,110,146,1971,291.06,289.06,0,0,283
1296897,111,146,1971,290.06,291.06,0,0,447
1144462,112,146,1971,290.06,289.06,0,0,486
1017866,113,146,1971,291.06,291.06,0,0,392
1461492,114,146,1971,289.06,291.06,0,0,339
1166867,115,146,1971,289.06,291.06,0,0,338
1372772,116,146,1971,261.93,290.06,1,0,459
1095317,117,146,1971,291.06,289.06,0,0,297
1181588,118,146,1971,291.06,289.06,0,0,323
1186225,119,146,1971,291.06,289.06,0,0,377
1150689,120,146,1971,291.06,290.06,0,0,405
1217550,121,146,1971,194.06,289.06,1,1,1107
1308816,122,146,1971,195,291.06,0,0,567
1303388,123,146,1971,196.97,289.06,1,1,998
1090459,124,146,1971,196.97,291.06,1,0,1027
1014835,125,146,1971,289.06,291.06,0,0,404
1014541,126,146,1971,290.06,289.06,0,0,350
1366386,127,146,1971,291.06,291.06,0,0,431
1045092,128,146,1971,269.66,269.66,0,0,580
1072480,129,146,1971,276.48,275.48,0,0,188
1275356,130,146,1971,290.06,290.06,0,0,188
1293190,131,146,1971,289.06,291.06,0,0,296
1445689,132,146,1971,194.03,291.06,1,1,1121
1329764,133,146,1971,196.97,290.06,1,1,743
1274846,134,146,1971,289.06,289.06,0,0,242
1361701,135,146,1971,289.06,290.06,0,0,271
1301874,136,146,1971,289.06,289.06,0,0,514
1491208,137,146,1971,291.06,291.06,0,0,229
1472449,138,146,1971,291.06,290.06,0,0,176
1316337,139,146,1971,290.06,291.06,0,0,364
1089321,140,146,1971,290.06,289.06,0,0,215
1445656,141,146,1971,289.06,290.06,0,0,366
1199495,142,146,1971,290.06,291.06,0,0,217
1208214,143,146,1971,290.06,291.06,0,0,202
1076212,144,146,1971,289.06,291.06,0,0,256
1361735,145,146,1971,290.06,289.06,0,0,204
1273573,1,146,1902,485.03,484.03,0,0,148
1249466,2,146,1902,484.03,484.03,0,0,96
1328864,3,146,1902,485.03,484.03,0,0,109
1145398,4,146,1902,485.03,486.03,0,0,96
1065132,5,146,1902,484.03,486.03,0,0,69
1166887,6,146,1902,484.03,486.03,0,0,82
1042635,7,146,1902,485.03,486.03,0,0,94
1009683,8,146,1902,484.03,484.03,0,0,81
1312197,9,146,1902,485.03,486.03,0,0,68
1276473,10,146,1902,484.03,485.03,0,0,40
1333965,11,146,1902,486.03,486.03,0,0,40
1080643,12,146,1902,484.03,485.03,0,0,42
1304568,13,146,1902,484.03,484.03,0,0,69
1139064,14,146,1902,484.03,485.03,0,0,13
1219054,15,146,1902,455.93,456.93,0,0,40
1343440,16,146,1902,454.93,455.93,0,0,94
1374807,17,146,1902,454.93,454.93,0,0,40
1236909,18,146,1902,469.48,470.48,0,0,53
1307892,19,146,1902,486.03,485.03,0,0,41
1306778,20,146,1902,486.03,485.03,0,0,68
1119898,21,146,1902,484.03,485.03,0,0,82
1104167,22,146,1902,486.03,484.03,0,0,53
1452578,23,146,1902,484.03,484.03,0,0,26
1439071,24,146,1902,486.03,485.03,0,0,53
1057282,25,146,1902,486.03,485.03,0,0,42
1138818,26,146,1902,485.03,486.03,0,0,42
1016264,27,146,1902,486.03,486.03,0,0,27
1276344,28,146,1902,484.03,484.03,0,0,68
1295551,29,146,1902,484.03,484.03,0,0,94
1177936,30,146,1902,485.03,486.03,0,0,26
1153233,31,146,1902,485.03,485.03,0,0,14
1203712,32,146,1902,484.03,485.03,0,0,55
1061414,33,146,1902,486.03,484.03,0,0,42
1019357,34,146,1902,486.03,484.03,0,0,82
1104084,35,146,1902,484.03,486.03,0,0,55
1015438,36,146,1902,485.03,486.03,0,0,68
1114314,38,146,1902,484.03,485.03,0,0,27
1006147,39,146,1902,486.03,486.03,0,0,41
1033150,40,146,1902,485.03,484.03,0,0,69
1080886,41,146,1902,486.03,486.03,0,0,95
1319604,42,146,1902,484.03,484.03,0,0,42
1254955,43,146,1902,486.03,484.03,0,0,27
1058903,44,146,1902,484.03,486.03,0,0,41
1366650,45,146,1902,485.03,486.03,0,0,26
1138360,46,146,1902,485.03,484.03,0,0,67
1037594,47,146,1902,485.03,486.03,0,0,55
1067051,48,146,1902,486.03,485.03,0,0,53
1402050,49,146,1902,486.03,484.03,0,0,27
1070526,50,146,1902,485.03,486.03,0,0,28
1278791,51,146,1902,485.03,486.03,0,0,69
1281015,52,146,1902,486.03,484.03,0,0,55
1381228,53,146,1902,388.03,484.03,0,0,82
1104781,54,146,1902,388.03,486.03,0,0,13
1419164,55,146,1902,387.03,485.03,0,0,107
1074582,56,146,1902,388.03,486.03,0,0,81
1242170,57,146,1902,436.53,484.03,0,0,26
1350912,58,146,1902,484.03,486.03,0,0,15
1016310,59,146,1902,486.03,485.03,0,0,81
1457320,60,146,1902,446.23,447.23,0,0,53
1156798,61,146,1902,447.23,447.23,0,0,67
1447061,62,146,1902,447.23,447.23,0,0,13
1274469,63,146,1902,447.23,447.23,0,0,67
1210983,64,146,1902,447.23,445.23,0,0,53
1264914,65,146,1902,446.23,446.23,0,0,53
1170074,66,146,1902,445.23,446.23,0,0,80
1326231,67,146,1902,430.68,430.68,0,0,80
1107837,68,146,1902,417.13,416.13,0,0,69
1160179,69,146,1902,422.95,421.95,0,0,67
1333908,70,146,1902,425.83,425.83,0,0,123
1465376,71,146,1902,417.13,417.13,0,0,54
1365334,72,146,1902,446.23,446.23,0,0,53
1306174,73,146,1902,446.23,446.23,0,0,40
1228615,74,146,1902,445.23,446.23,0,0,27
1069890,75,146,1902,446.23,447.23,0,0,82
1019979,76,146,1902,447.23,445.23,0,0,13
1047425,77,146,1902,445.23,447.23,0,0,26
1254481,78,146,1902,445.23,445.23,0,0,54
1164696,79,146,1902,447.23,447.23,0,0,55
1414952,80,146,1902,445.23,446.23,0,0,80
1257247,81,146,1902,446.23,446.23,0,0,68
1171749,82,146,1902,447.23,445.23,0,0,107
1088823,83,146,1902,445.23,447.23,0,0,82
1064891,84,146,1902,445.23,445.23,0,0,136
1353524,85,146,1902,445.23,446.23,0,0,28
1028694,86,146,1902,446.23,447.23,0,0,40
1139489,87,146,1902,445.23,445.23,0,0,55
1471545,88,146,1902,445.23,445.23,0,0,69
1466195,89,146,1902,446.23,447.23,0,0,14
1066073,90,146,1902,447.23,446.23,0,0,80
1285580,91,146,1902,445.23,447.23,0,0,149
1027072,92,146,1902,447.23,447.23,0,0,26
1479449,93,146,1902,447.23,446.23,0,0,80
1180693,94,146,1902,447.23,447.23,0,0,28
1296014,95,146,1902,445.23,446.23,0,0,27
1451322,96,146,1902,446.23,446.23,0,0,42
1083221,97,146,1902,446.23,445.23,0,0,53
1312322,98,146,1902,446.23,445.23,0,0,27
1023929,99,146,1902,445.23,447.23,0,0,67
1034987,100,146,1902,446.23,446.23,0,0,81
1208900,101,146,1902,445.23,446.23,0,0,80
1223472,102,146,1902,446.23,447.23,0,0,96
1229187,103,146,1902,445.23,446.23,0,0,28
1016039,104,146,1902,433.59,434.59,0,0,53
1078964,105,146,1902,389.03,435.59,0,0,40
1061712,106,146,1902,396.79,395.79,0,0,80
1391802,107,146,1902,389.03,388.03,0,0,69
1398940,108,146,1902,387.03,387.03,0,0,26
1249452,109,146,1902,445.23,447.23,0,0,109
1409347,110,146,1902,446.23,447.23,0,0,67
1297056,111,146,1902,447.23,445.23,0,0,15
1145340,112,146,1902,445.23,447.23,0,0,26
1444589,113,146,1902,446.23,445.23,0,0,41
1076764,114,146,1902,446.23,445.23,0,0,53
1193597,115,146,1902,447.23,447.23,0,0,82
1442715,116,146,1902,445.23,446.23,0,0,67
1269537,117,146,1902,445.23,445.23,0,0,108
1262995,118,146,1902,447.23,445.23,0,0,69
1321787,119,146,1902,389.03,446.23,0,0,162
1202868,120,146,1902,387.03,446.23,0,0,94
1226048,121,146,1902,388.03,447.23,0,0,69
1464653,123,146,1902,389.03,447.23,0,0,95
1267253,124,146,1902,445.23,445.23,0,0,108
1384766,125,146,1902,447.23,445.23,0,0,108
1262882,126,146,1902,446.23,447.23,0,0,81
1304539,127,146,1902,446.23,447.23,0,0,53
1049872,128,146,1902,446.23,447.23,0,0,67
1154834,129,146,1902,445.23,447.23,0,0,42
1279875,130,146,1902,446.23,447.23,0,0,15
1233310,131,146,1902,446.23,446.23,0,0,69
1340087,132,146,1902,446.23,447.23,0,0,28
1338876,133,146,1902,446.23,446.23,0,0,55
1405899,134,146,1902,447.23,446.23,0,0,80
1080983,135,146,1902,446.23,446.23,0,0,108
1481919,136,146,1902,426.83,425.83,0,0,81
1455728,137,146,1902,388.03,389.03,0,0,53
1392180,138,146,1902,387.03,389.03,0,0,135
1418151,139,146,1902,387.03,387.03,0,0,81
1227039,140,146,1902,406.43,406.43,0,0,41
1423835,141,146,1902,446.23,447.23,0,0,136
1126858,142,146,1902,445.23,446.23,0,0,108
1269449,143,146,1902,445.23,447.23,0,0,96
1437210,144,146,1902,447.23,447.23,0,0,67
1219959,145,146,1902,445.23,445.23,0,0,41
1395612,1,146,1247,484.03,484.03,0,0,40
1163769,2,146,1247,485.03,485.03,0,0,41
1369915,3,146,1247,485.03,485.03,0,0,81
1419658,4,146,1247,484.03,484.03,0,0,54
1157659,5,146,1247,484.03,486.03,0,0,80
1216945,6,146,1247,485.03,484.03,0,0,53
1254079,7,146,1247,484.03,484.03,0,0,81
1154062,8,146,1247,485.03,485.03,0,0,108
1245082,9,146,1247,484.03,486.03,0,0,54
1297649,10,146,1247,484.03,485.03,0,0,54
1250321,11,146,1247,486.03,486.03,0,0,136
1156262,12,146,1247,485.03,486.03,0,0,80
1446700,13,146,1247,486.03,486.03,0,0,94
1256482,14,146,1247,475.33,476.33,0,0,40
1390545,15,146,1247,471.48,469.48,0,0,54
1387842,16,146,1247,456.93,455.93,0,0,136
1364439,17,146,1247,459.81,458.81,0,0,109
1436230,18,146,1247,465.63,464.63,0,0,42
1011818,19,146,1247,485.03,485.03,0,0,14
1005142,20,146,1247,485.03,485.03,0,0,40
1454435,21,146,1247,484.03,486.03,0,0,96
1115192,22,146,1247,484.03,484.03,0,0,149
1104413,23,146,1247,485.03,486.03,0,0,95
1418824,24,146,1247,486.03,486.03,0,0,69
1292041,25,146,1247,484.03,486.03,0,0,41
1414580,26,146,1247,484.03,485.03,0,0,68
1028007,27,146,1247,486.03,486.03,0,0,15
1422216,28,146,1247,485.03,484.03,0,0,55
1396967,29,146,1247,485.03,486.03,0,0,109
1044956,30,146,1247,485.03,484.03,0,0,67
1178354,31,146,1247,485.03,486.03,0,0,95
1041341,32,146,1247,486.03,484.03,0,0,28
1259706,33,146,1247,484.03,485.03,0,0,80
1423228,34,146,1247,485.03,484.03,0,0,40
1043870,35,146,1247,484.03,484.03,0,0,28
1178576,36,146,1247,486.03,484.03,0,0,107
1141435,37,146,1247,485.03,486.03,0,0,67
1479056,38,146,1247,486.03,486.03,0,0,68
1188212,39,146,1247,485.03,486.03,0,0,135
1182165,40,146,1247,484.03,486.03,0,0,94
1275549,41,146,1247,486.03,484.03,0,0,55
1435606,42,146,1247,484.03,485.03,0,0,96
1458328,43,146,1247,486.03,485.03,0,0,42
1470816,44,146,1247,484.03,484.03,0,0,28
1279798,45,146,1247,486.03,484.03,0,0,69
1183246,46,146,1247,485.03,484.03,0,0,14
1206795,47,146,1247,486.03,485.03,0,0,80
1461943,48,146,1247,485.03,486.03,0,0,27
1082125,49,146,1247,486.03,484.03,0,0,26
1357765,50,146,1247,484.03,484.03,0,0,27
1171810,51,146,1247,486.03,485.03,0,0,41
1091694,52,146,1247,453.02,452.02,0,0,40
1099412,53,146,1247,387.03,454.02,0,0,26
1438227,54,146,1247,389.03,453.02,0,0,41
1192096,55,146,1247,387.03,453.02,0,0,107
1221416,56,146,1247,387.03,452.02,0,0,26
1195144,57,146,1247,485.03,484.03,0,0,80
1043622,58,146,1247,484.03,484.03,0,0,55
1103683,59,146,1247,486.03,486.03,0,0,26
1069810,60,146,1247,446.23,445.23,0,0,82
1048063,61,146,1247,447.23,447.23,0,0,26
1496067,62,146,1247,446.23,446.23,0,0,69
1244311,63,146,1247,447.23,445.23,0,0,13
1217299,64,146,1247,446.23,445.23,0,0,96
1365042,65,146,1247,445.23,446.23,0,0,40
1097771,66,146,1247,447.23,447.23,0,0,28
1265429,67,146,1247,431.68,431.68,0,0,28
1107733,68,146,1247,418.13,417.13,0,0,81
1139249,69,146,1247,417.13,417.13,0,0,41
1226590,70,146,1247,416.13,418.13,0,0,68
1340195,71,146,1247,416.13,416.13,0,0,54
1070581,72,146,1247,447.23,445.23,0,0,40
1036994,73,146,1247,445.23,447.23,0,0,27
1459968,74,146,1247,445.23,446.23,0,0,28
1067104,75,146,1247,447.23,446.23,0,0,55
1498031,76,146,1247,447.23,445.23,0,0,55
1449251,78,146,1247,447.23,445.23,0,0,15
1343338,79,146,1247,446.23,445.23,0,0,26
1061351,80,146,1247,446.23,447.23,0,0,69
1462445,81,146,1247,446.23,446.23,0,0,28
1198269,82,146,1247,445.23,447.23,0,0,15
1258355,83,146,1247,445.23,445.23,0,0,53
1399160,84,146,1247,445.23,447.23,0,0,54
1308641,85,146,1247,447.23,445.23,0,0,81
1166824,87,146,1247,445.23,445.23,0,0,14
1190181,88,146,1247,446.23,447.23,0,0,67
1058129,89,146,1247,445.23,446.23,0,0,27
1441163,90,146,1247,447.23,445.23,0,0,40
1333920,91,146,1247,446.23,445.23,0,0,27
1061997,92,146,1247,445.23,445.23,0,0,69
1181702,93,146,1247,446.23,446.23,0,0,28
1076363,94,146,1247,447.23,446.23,0,0,53
1167435,95,146,1247,447.23,447.23,0,0,67
1150630,96,146,1247,445.23,446.23,0,0,82
1277050,97,146,1247,445.23,446.23,0,0,42
1210185,98,146,1247,447.23,446.23,0,0,14
1292181,99,146,1247,445.23,447.23,0,0,53
1416328,100,146,1247,445.23,447.23,0,0,53
1467151,101,146,1247,447.23,447.23,0,0,13
1304207,102,146,1247,445.23,447.23,0,0,27
1160653,103,146,1247,445.23,447.23,0,0,41
1387541,105,146,1247,388.03,445.23,0,0,40
1414164,106,146,1247,389.03,447.23,0,0,41
1308328,107,146,1247,389.03,446.23,0,0,68
1377096,108,146,1247,388.03,447.23,0,0,26
1147160,109,146,1247,445.23,445.23,0,0,28
1285295,110,146,1247,446.23,446.23,0,0,53
1304801,111,146,1247,446.23,447.23,0,0,14
1058990,112,146,1247,445.23,445.23,0,0,54
1069669,113,146,1247,445.23,446.23,0,0,40
1185401,114,146,1247,445.23,447.23,0,0,80
1185319,115,146,1247,445.23,446.23,0,0,13
1067293,116,146,1247,447.23,446.23,0,0,40
1130991,117,146,1247,445.23,447.23,0,0,54
1270553,118,146,1247,445.23,447.23,0,0,81
1141314,119,146,1247,418.13,417.13,0,0,69
1084050,120,146,1247,389.03,387.03,0,0,67
1390553,121,146,1247,387.03,388.03,0,0,41
1396845,122,146,1247,387.03,388.03,0,0,96
1019461,123,146,1247,387.03,389.03,0,0,28
1248809,124,146,1247,445.23,446.23,0,0,136
1018800,125,146,1247,447.23,447.23,0,0,42
1364681,126,146,1247,446.23,445.23,0,0,15
1102450,127,146,1247,447.23,446.23,0,0,69
1117042,128,146,1247,446.23,445.23,0,0,28
1433689,129,146,1247,447.23,445.23,0,0,15
1005615,131,146,1247,446.23,447.23,0,0,95
1152881,132,146,1247,446.23,447.23,0,0,27
1491558,133,146,1247,447.23,447.23,0,0,13
1237938,134,146,1247,447.23,447.23,0,0,26
1198012,136,146,1247,445.23,447.23,0,0,55
1319988,137,146,1247,388.03,446.23,0,0,42
1055884,138,146,1247,388.03,445.23,0,0,67
1451693,139,146,1247,389.03,446.23,0,0,82
1406439,140,146,1247,389.03,445.23,0,0,27
1401455,141,146,1247,445.23,447.23,0,0,13
1427574,142,146,1247,447.23,447.23,0,0,14
1165484,143,146,1247,447.23,447.23,0,0,40
1238167,144,146,1247,445.23,447.23,0,0,26
1101726,145,146,1247,445.23,445.23,0,0,40
